
> signage-world@0.1.0 build
> next build

⚠ Warning: Next.js inferred your workspace root, but it may not be correct.
 We detected multiple lockfiles and selected the directory of /Users/muskankhan/package-lock.json as the root directory.
 To silence this warning, set `turbopack.root` in your Next.js config, or consider removing one of the lockfiles if it's not needed.
   See https://nextjs.org/docs/app/api-reference/config/next-config-js/turbopack#root-directory for more information.
 Detected additional lockfiles: 
   * /Users/muskankhan/Projects/signage-world/package-lock.json

▲ Next.js 16.2.9 (Turbopack)

  Creating an optimized production build ...
✓ Compiled successfully in 1176ms
  Running TypeScript ...
  Finished TypeScript in 1275ms ...
  Collecting page data using 9 workers ...
  Generating static pages using 9 workers (0/15) ...
  Generating static pages using 9 workers (3/15) 
  Generating static pages using 9 workers (7/15) 
  Generating static pages using 9 workers (11/15) 
✓ Generating static pages using 9 workers (15/15) in 172ms
  Finalizing page optimization ...

Route (app)
┌ ○ /
├ ○ /_not-found
├ ● /[slug]
│ ├ /flex-printing
│ ├ /led-boards
│ ├ /acrylic-signage
│ └ [+3 more paths]
├ ○ /about
├ ○ /contact
├ ○ /icon.svg
├ ○ /projects
├ ○ /robots.txt
└ ○ /sitemap.xml


○  (Static)  prerendered as static content
●  (SSG)     prerendered as static HTML (uses generateStaticParams)

